package special_cases_fix

// FunctionBetweenStruct comment
type FunctionBetweenStruct struct {
}

// Open comment
func Open() (*FunctionBetweenStruct, error) {
	return &FunctionBetweenStruct{}, nil
}

func (f *FunctionBetweenStruct) Close() {
}

// isOpen comment
func (f *FunctionBetweenStruct) isOpen() bool {
	return true
}

// cannotOpenFileError comment
type cannotOpenFileError struct {
	err error
}

// Unwrap comment
func (e *cannotOpenFileError) Unwrap() error {
	return e.err
}
