package simple_alphabetical_fix

type Greetings struct {
}

func NewGreetings() *Greetings {
	return &Greetings{}
}

func NewOtherGreetings() (m *Greetings) {
	m = &Greetings{}
	return
}

func (m *Greetings) GoodAfternoon(name string) string {
	return "bye"
}

func (m Greetings) GoodMorning() string {
	return "hello"
}

func (m *Greetings) bye(name string) string {
	return "bye"
}

func (m Greetings) hello() string {
	return "hello"
}
