package simple_fix

type MyStruct struct {
	Name string
}

func NewOtherMyStruct() (m *MyStruct) {
	m = &MyStruct{Name: "John"}
	return
}

func NewMyStruct() *MyStruct {
	return &MyStruct{Name: "John"}
}

func MustMyStruct() *MyStruct {
	return NewMyStruct()
}

func (m MyStruct) GetName() string {
	return m.Name
}

func (m *MyStruct) SetName(name string) {
	m.Name = name
}

func (m MyStruct) lenName() int {
	return len(m.Name)
}
