package fix_constructor

type ConstructorBeforeStructWithComments struct {
	Name string
}

func NewConstructorBeforeStructWithComments() *ConstructorBeforeStructWithComments {
	return &ConstructorBeforeStructWithComments{Name: "John"}
}

// NewOtherConstructorAfterStructMethodsWithComments This constructor creates the
// struct ConstructorBeforeStructWithComments
// with a named return
func NewOtherConstructorBeforeStructWithComments() (m *ConstructorBeforeStructWithComments) {
	m = &ConstructorBeforeStructWithComments{Name: "John"}
	return
}

// GetName returns the name.
func (m ConstructorBeforeStructWithComments) GetName() string {
	return m.Name
}

// SetName sets the name
// multi line comment
func (m *ConstructorBeforeStructWithComments) SetName(name string) {
	m.Name = name
}
